Archive member included because of file (symbol)

c:/program files/atollic/truestudio for arm 5.4.0/armtools/bin/../lib/gcc/arm-atollic-eabi/4.8.3/../../../../arm-atollic-eabi/lib/armv7e-m/fpu\libc.a(lib_a-init.o)
                              Application\TrueSTUDIO\startup_stm32f411xe.o (__libc_init_array)
c:/program files/atollic/truestudio for arm 5.4.0/armtools/bin/../lib/gcc/arm-atollic-eabi/4.8.3/../../../../arm-atollic-eabi/lib/armv7e-m/fpu\libc.a(lib_a-memcpy-stub.o)
                              Middlewares\FreeRTOS\queue.o (memcpy)
c:/program files/atollic/truestudio for arm 5.4.0/armtools/bin/../lib/gcc/arm-atollic-eabi/4.8.3/../../../../arm-atollic-eabi/lib/armv7e-m/fpu\libc.a(lib_a-memset.o)
                              Middlewares\FreeRTOS\tasks.o (memset)

Allocating common symbols
Common symbol       size              file

defaultTaskHandle   0x4               Application\User\main.o
xQueueRegistry      0x40              Middlewares\FreeRTOS\queue.o
pFlash              0x20              Drivers\STM32F4xx_HAL_Driver\stm32f4xx_hal_flash.o
workTaskHandle      0x4               Application\User\main.o

Discarded input sections

 .text          0x00000000        0x0 c:/program files/atollic/truestudio for arm 5.4.0/armtools/bin/../lib/gcc/arm-atollic-eabi/4.8.3/armv7e-m/fpu/crti.o
 .data          0x00000000        0x0 c:/program files/atollic/truestudio for arm 5.4.0/armtools/bin/../lib/gcc/arm-atollic-eabi/4.8.3/armv7e-m/fpu/crti.o
 .bss           0x00000000        0x0 c:/program files/atollic/truestudio for arm 5.4.0/armtools/bin/../lib/gcc/arm-atollic-eabi/4.8.3/armv7e-m/fpu/crti.o
 .data          0x00000000        0x4 c:/program files/atollic/truestudio for arm 5.4.0/armtools/bin/../lib/gcc/arm-atollic-eabi/4.8.3/armv7e-m/fpu/crtbegin.o
 .text          0x00000000        0x0 Middlewares\FreeRTOS\timers.o
 .data          0x00000000        0x0 Middlewares\FreeRTOS\timers.o
 .bss           0x00000000        0x0 Middlewares\FreeRTOS\timers.o
 .debug_info    0x00000000       0x72 Middlewares\FreeRTOS\timers.o
 .debug_abbrev  0x00000000       0x26 Middlewares\FreeRTOS\timers.o
 .debug_aranges
                0x00000000       0x18 Middlewares\FreeRTOS\timers.o
 .debug_line    0x00000000       0x1d Middlewares\FreeRTOS\timers.o
 .debug_str     0x00000000      0x1f7 Middlewares\FreeRTOS\timers.o
 .comment       0x00000000       0x83 Middlewares\FreeRTOS\timers.o
 .ARM.attributes
                0x00000000       0x39 Middlewares\FreeRTOS\timers.o
 .text          0x00000000        0x0 Middlewares\FreeRTOS\tasks.o
 .data          0x00000000        0x0 Middlewares\FreeRTOS\tasks.o
 .bss           0x00000000        0x0 Middlewares\FreeRTOS\tasks.o
 .text.prvTaskIsTaskSuspended
                0x00000000       0x3c Middlewares\FreeRTOS\tasks.o
 .text.prvListTaskWithinSingleList
                0x00000000       0x88 Middlewares\FreeRTOS\tasks.o
 .text.prvAddCurrentTaskToDelayedList
                0x00000000       0x50 Middlewares\FreeRTOS\tasks.o
 .text.xTaskGenericCreate
                0x00000000      0x1d0 Middlewares\FreeRTOS\tasks.o
 .text.vTaskDelete
                0x00000000       0xcc Middlewares\FreeRTOS\tasks.o
 .text.uxTaskPriorityGet
                0x00000000       0x1c Middlewares\FreeRTOS\tasks.o
 .text.uxTaskPriorityGetFromISR
                0x00000000       0x30 Middlewares\FreeRTOS\tasks.o
 .text.vTaskPrioritySet
                0x00000000       0xdc Middlewares\FreeRTOS\tasks.o
 .text.vTaskResume
                0x00000000       0x88 Middlewares\FreeRTOS\tasks.o
 .text.xTaskResumeFromISR
                0x00000000       0xa4 Middlewares\FreeRTOS\tasks.o
 .text.vTaskStartScheduler
                0x00000000       0x6c Middlewares\FreeRTOS\tasks.o
 .text.vTaskEndScheduler
                0x00000000       0x20 Middlewares\FreeRTOS\tasks.o
 .text.vTaskSuspendAll
                0x00000000       0x10 Middlewares\FreeRTOS\tasks.o
 .text.xTaskGetTickCount
                0x00000000        0xc Middlewares\FreeRTOS\tasks.o
 .text.xTaskGetTickCountFromISR
                0x00000000       0x10 Middlewares\FreeRTOS\tasks.o
 .text.uxTaskGetNumberOfTasks
                0x00000000        0xc Middlewares\FreeRTOS\tasks.o
 .text.xTaskResumeAll
                0x00000000       0xe8 Middlewares\FreeRTOS\tasks.o
 .text.vTaskDelayUntil
                0x00000000       0xc8 Middlewares\FreeRTOS\tasks.o
 .text.vTaskDelay
                0x00000000       0x80 Middlewares\FreeRTOS\tasks.o
 .text.prvIdleTask
                0x00000000       0x74 Middlewares\FreeRTOS\tasks.o
 .text.uxTaskGetSystemState
                0x00000000       0x9c Middlewares\FreeRTOS\tasks.o
 .text.vTaskSuspend
                0x00000000       0xd0 Middlewares\FreeRTOS\tasks.o
 .text.vTaskPlaceOnEventList
                0x00000000       0x70 Middlewares\FreeRTOS\tasks.o
 .text.vTaskPlaceOnUnorderedEventList
                0x00000000       0x94 Middlewares\FreeRTOS\tasks.o
 .text.xTaskRemoveFromEventList
[...]
Memory Configuration

Name             Origin             Length             Attributes
FLASH            0x08000000         0x00080000         xr
RAM              0x20000000         0x00020000         xrw
*default*        0x00000000         0xffffffff

Linker script and memory map

LOAD c:/program files/atollic/truestudio for arm 5.4.0/armtools/bin/../lib/gcc/arm-atollic-eabi/4.8.3/armv7e-m/fpu/crti.o
LOAD c:/program files/atollic/truestudio for arm 5.4.0/armtools/bin/../lib/gcc/arm-atollic-eabi/4.8.3/armv7e-m/fpu/crtbegin.o
LOAD Middlewares\FreeRTOS\timers.o
LOAD Middlewares\FreeRTOS\tasks.o
LOAD Middlewares\FreeRTOS\queue.o
LOAD Middlewares\FreeRTOS\port.o
LOAD Middlewares\FreeRTOS\list.o
LOAD Middlewares\FreeRTOS\heap_4.o
LOAD Middlewares\FreeRTOS\event_groups.o
LOAD Middlewares\FreeRTOS\croutine.o
LOAD Middlewares\FreeRTOS\cmsis_os.o
LOAD Drivers\STM32F4xx_HAL_Driver\stm32f4xx_hal_rcc_ex.o
LOAD Drivers\STM32F4xx_HAL_Driver\stm32f4xx_hal_rcc.o
LOAD Drivers\STM32F4xx_HAL_Driver\stm32f4xx_hal_pwr_ex.o
LOAD Drivers\STM32F4xx_HAL_Driver\stm32f4xx_hal_pwr.o
LOAD Drivers\STM32F4xx_HAL_Driver\stm32f4xx_hal_gpio.o
LOAD Drivers\STM32F4xx_HAL_Driver\stm32f4xx_hal_flash_ramfunc.o
LOAD Drivers\STM32F4xx_HAL_Driver\stm32f4xx_hal_flash_ex.o
LOAD Drivers\STM32F4xx_HAL_Driver\stm32f4xx_hal_flash.o
LOAD Drivers\STM32F4xx_HAL_Driver\stm32f4xx_hal_dma_ex.o
LOAD Drivers\STM32F4xx_HAL_Driver\stm32f4xx_hal_dma.o
LOAD Drivers\STM32F4xx_HAL_Driver\stm32f4xx_hal_cortex.o
LOAD Drivers\STM32F4xx_HAL_Driver\stm32f4xx_hal.o
LOAD Drivers\CMSIS\system_stm32f4xx.o
LOAD Application\User\stm32f4xx_it.o
LOAD Application\User\stm32f4xx_hal_msp.o
LOAD Application\User\main.o
LOAD Application\User\freertos.o
LOAD Application\TrueSTUDIO\startup_stm32f411xe.o
START GROUP
LOAD c:/program files/atollic/truestudio for arm 5.4.0/armtools/bin/../lib/gcc/arm-atollic-eabi/4.8.3/../../../../arm-atollic-eabi/lib/armv7e-m/fpu\libc.a
LOAD c:/program files/atollic/truestudio for arm 5.4.0/armtools/bin/../lib/gcc/arm-atollic-eabi/4.8.3/../../../../arm-atollic-eabi/lib/armv7e-m/fpu\libm.a
END GROUP
                0x00001000                malloc_getpagesize_P = 0x1000
START GROUP
LOAD c:/program files/atollic/truestudio for arm 5.4.0/armtools/bin/../lib/gcc/arm-atollic-eabi/4.8.3/armv7e-m/fpu\libgcc.a
LOAD c:/program files/atollic/truestudio for arm 5.4.0/armtools/bin/../lib/gcc/arm-atollic-eabi/4.8.3/../../../../arm-atollic-eabi/lib/armv7e-m/fpu\libc.a
END GROUP
LOAD c:/program files/atollic/truestudio for arm 5.4.0/armtools/bin/../lib/gcc/arm-atollic-eabi/4.8.3/armv7e-m/fpu/crtend.o
LOAD c:/program files/atollic/truestudio for arm 5.4.0/armtools/bin/../lib/gcc/arm-atollic-eabi/4.8.3/armv7e-m/fpu/crtn.o
                0x20020000                _estack = 0x20020000
                0x00000000                _Min_Heap_Size = 0x0
                0x00000400                _Min_Stack_Size = 0x400

.isr_vector     0x08000000      0x198
                0x08000000                . = ALIGN (0x4)
 *(.isr_vector)
 .isr_vector    0x08000000      0x198 Application\TrueSTUDIO\startup_stm32f411xe.o
                0x08000000                g_pfnVectors
                0x08000198                . = ALIGN (0x4)

.text           0x08000198      0xe10
                0x08000198                . = ALIGN (0x4)
 *(.text)
 .text          0x08000198       0x40 c:/program files/atollic/truestudio for arm 5.4.0/armtools/bin/../lib/gcc/arm-atollic-eabi/4.8.3/armv7e-m/fpu/crtbegin.o
 *(.text*)
 .text.prvResetNextTaskUnblockTime
                0x080001d8       0x24 Middlewares\FreeRTOS\tasks.o
 .text.xTaskIncrementTick
                0x080001fc      0x118 Middlewares\FreeRTOS\tasks.o
                0x080001fc                xTaskIncrementTick
 .text.vTaskSwitchContext
                0x08000314       0x6c Middlewares\FreeRTOS\tasks.o
                0x08000314                vTaskSwitchContext
 .text.xTaskGetSchedulerState
                0x08000380       0x20 Middlewares\FreeRTOS\tasks.o
                0x08000380                xTaskGetSchedulerState
 .text.SVC_Handler
                0x080003a0       0x20 Middlewares\FreeRTOS\port.o
                0x080003a0                SVC_Handler
 .text.PendSV_Handler
                0x080003c0       0x60 Middlewares\FreeRTOS\port.o
                0x080003c0                PendSV_Handler
 .text.xPortSysTickHandler
                0x08000420       0x30 Middlewares\FreeRTOS\port.o
                0x08000420                xPortSysTickHandler
 .text.vListInsertEnd
                0x08000450       0x18 Middlewares\FreeRTOS\list.o
                0x08000450                vListInsertEnd
 .text.uxListRemove
                0x08000468       0x20 Middlewares\FreeRTOS\list.o
                0x08000468                uxListRemove
 .text.osSystickHandler
                0x08000488       0x14 Middlewares\FreeRTOS\cmsis_os.o
                0x08000488                osSystickHandler
 .text.HAL_RCC_OscConfig
                0x0800049c      0x2f8 Drivers\STM32F4xx_HAL_Driver\stm32f4xx_hal_rcc.o
                0x0800049c                HAL_RCC_OscConfig
 .text.HAL_RCC_ClockConfig
                0x08000794      0x204 Drivers\STM32F4xx_HAL_Driver\stm32f4xx_hal_rcc.o
                0x08000794                HAL_RCC_ClockConfig
 .text.HAL_RCC_GetSysClockFreq
                0x08000998       0x8c Drivers\STM32F4xx_HAL_Driver\stm32f4xx_hal_rcc.o
                0x08000998                HAL_RCC_GetSysClockFreq
 .text.HAL_RCC_GetHCLKFreq
                0x08000a24       0x34 Drivers\STM32F4xx_HAL_Driver\stm32f4xx_hal_rcc.o
                0x08000a24                HAL_RCC_GetHCLKFreq
 .text.HAL_GPIO_Init
                0x08000a58      0x1a8 Drivers\STM32F4xx_HAL_Driver\stm32f4xx_hal_gpio.o
                0x08000a58                HAL_GPIO_Init
 .text.HAL_NVIC_SetPriorityGrouping
                0x08000c00       0x24 Drivers\STM32F4xx_HAL_Driver\stm32f4xx_hal_cortex.o
                0x08000c00                HAL_NVIC_SetPriorityGrouping
 .text.HAL_NVIC_SetPriority
                0x08000c24       0x64 Drivers\STM32F4xx_HAL_Driver\stm32f4xx_hal_cortex.o
                0x08000c24                HAL_NVIC_SetPriority
 .text.HAL_SYSTICK_Config
                0x08000c88       0x2c Drivers\STM32F4xx_HAL_Driver\stm32f4xx_hal_cortex.o
                0x08000c88                HAL_SYSTICK_Config
 .text.HAL_SYSTICK_CLKSourceConfig
                0x08000cb4       0x18 Drivers\STM32F4xx_HAL_Driver\stm32f4xx_hal_cortex.o
                0x08000cb4                HAL_SYSTICK_CLKSourceConfig
 .text.HAL_InitTick
                0x08000ccc       0x24 Drivers\STM32F4xx_HAL_Driver\stm32f4xx_hal.o
                0x08000ccc                HAL_InitTick
 .text.HAL_Init
                0x08000cf0       0x34 Drivers\STM32F4xx_HAL_Driver\stm32f4xx_hal.o
                0x08000cf0                HAL_Init
 .text.HAL_GetTick
                0x08000d24        0xc Drivers\STM32F4xx_HAL_Driver\stm32f4xx_hal.o
                0x08000d24                HAL_GetTick
 .text.SystemInit
                0x08000d30       0x4c Drivers\CMSIS\system_stm32f4xx.o
                0x08000d30                SystemInit
 .text.SysTick_Handler
                0x08000d7c        0x4 Application\User\stm32f4xx_it.o
                0x08000d7c                SysTick_Handler
 .text.HAL_MspInit
                0x08000d80       0x18 Application\User\stm32f4xx_hal_msp.o
                0x08000d80                HAL_MspInit
 .text.SystemClock_Config
                0x08000d98       0x9c Application\User\main.o
                0x08000d98                SystemClock_Config
 .text.startup.main
                0x08000e34       0xb4 Application\User\main.o
                0x08000e34                main
 .text.Reset_Handler
                0x08000ee8       0x58 Application\TrueSTUDIO\startup_stm32f411xe.o
                0x08000ee8                Reset_Handler
 .text.Default_Handler
                0x08000f40        0x4 Application\TrueSTUDIO\startup_stm32f411xe.o
                0x08000f40                RTC_Alarm_IRQHandler
                0x08000f40                EXTI2_IRQHandler
                0x08000f40                DebugMon_Handler
                0x08000f40                SPI4_IRQHandler
                0x08000f40                TIM1_CC_IRQHandler
                0x08000f40                DMA2_Stream5_IRQHandler
                0x08000f40                HardFault_Handler
                0x08000f40                DMA1_Stream5_IRQHandler
                0x08000f40                PVD_IRQHandler
                0x08000f40                SDIO_IRQHandler
                0x08000f40                TAMP_STAMP_IRQHandler
                0x08000f40                NMI_Handler
                0x08000f40                EXTI3_IRQHandler
                0x08000f40                TIM1_UP_TIM10_IRQHandler
                0x08000f40                I2C3_ER_IRQHandler
                0x08000f40                EXTI0_IRQHandler
                0x08000f40                I2C2_EV_IRQHandler
                0x08000f40                DMA1_Stream2_IRQHandler
                0x08000f40                FPU_IRQHandler
                0x08000f40                UsageFault_Handler
                0x08000f40                DMA2_Stream2_IRQHandler
                0x08000f40                SPI1_IRQHandler
                0x08000f40                TIM1_BRK_TIM9_IRQHandler
                0x08000f40                DMA2_Stream3_IRQHandler
                0x08000f40                USART6_IRQHandler
                0x08000f40                DMA2_Stream0_IRQHandler
                0x08000f40                TIM4_IRQHandler
                0x08000f40                I2C1_EV_IRQHandler
                0x08000f40                DMA1_Stream6_IRQHandler
                0x08000f40                DMA1_Stream1_IRQHandler
                0x08000f40                TIM3_IRQHandler
                0x08000f40                RCC_IRQHandler
                0x08000f40                Default_Handler
                0x08000f40                EXTI15_10_IRQHandler
                0x08000f40                ADC_IRQHandler
                0x08000f40                DMA1_Stream7_IRQHandler
                0x08000f40                SPI5_IRQHandler
                0x08000f40                TIM5_IRQHandler
                0x08000f40                DMA2_Stream7_IRQHandler
                0x08000f40                I2C3_EV_IRQHandler
                0x08000f40                EXTI9_5_IRQHandler
                0x08000f40                RTC_WKUP_IRQHandler
                0x08000f40                SPI2_IRQHandler
                0x08000f40                MemManage_Handler
                0x08000f40                DMA1_Stream0_IRQHandler
                0x08000f40                EXTI4_IRQHandler
                0x08000f40                WWDG_IRQHandler
                0x08000f40                TIM2_IRQHandler
                0x08000f40                OTG_FS_WKUP_IRQHandler
                0x08000f40                TIM1_TRG_COM_TIM11_IRQHandler
                0x08000f40                EXTI1_IRQHandler
                0x08000f40                USART2_IRQHandler
                0x08000f40                I2C2_ER_IRQHandler
                0x08000f40                DMA2_Stream1_IRQHandler
                0x08000f40                FLASH_IRQHandler
                0x08000f40                DMA2_Stream4_IRQHandler
                0x08000f40                BusFault_Handler
                0x08000f40                USART1_IRQHandler
                0x08000f40                OTG_FS_IRQHandler
                0x08000f40                SPI3_IRQHandler
                0x08000f40                DMA1_Stream4_IRQHandler
                0x08000f40                I2C1_ER_IRQHandler
                0x08000f40                DMA2_Stream6_IRQHandler
                0x08000f40                DMA1_Stream3_IRQHandler
 .text.__libc_init_array
                0x08000f44       0x4c c:/program files/atollic/truestudio for arm 5.4.0/armtools/bin/../lib/gcc/arm-atollic-eabi/4.8.3/../../../../arm-atollic-eabi/lib/armv7e-m/fpu\libc.a(lib_a-init.o)
                0x08000f44                __libc_init_array
 *(.glue_7)
 .glue_7        0x00000000        0x0 linker stubs
 *(.glue_7t)
 .glue_7t       0x00000000        0x0 linker stubs
 *(.eh_frame)
 .eh_frame      0x08000f90        0x0 c:/program files/atollic/truestudio for arm 5.4.0/armtools/bin/../lib/gcc/arm-atollic-eabi/4.8.3/armv7e-m/fpu/crtbegin.o
 *(.init)
 .init          0x08000f90        0x4 c:/program files/atollic/truestudio for arm 5.4.0/armtools/bin/../lib/gcc/arm-atollic-eabi/4.8.3/armv7e-m/fpu/crti.o
                0x08000f90                _init
 .init          0x08000f94        0x8 c:/program files/atollic/truestudio for arm 5.4.0/armtools/bin/../lib/gcc/arm-atollic-eabi/4.8.3/armv7e-m/fpu/crtn.o
 *(.fini)
 .fini          0x08000f9c        0x4 c:/program files/atollic/truestudio for arm 5.4.0/armtools/bin/../lib/gcc/arm-atollic-eabi/4.8.3/armv7e-m/fpu/crti.o
                0x08000f9c                _fini
 .fini          0x08000fa0        0x8 c:/program files/atollic/truestudio for arm 5.4.0/armtools/bin/../lib/gcc/arm-atollic-eabi/4.8.3/armv7e-m/fpu/crtn.o
                0x08000fa8                . = ALIGN (0x4)
                0x08000fa8                _etext = .

.vfp11_veneer   0x08000fa8        0x0
 .vfp11_veneer  0x00000000        0x0 linker stubs

.v4_bx          0x08000fa8        0x0
 .v4_bx         0x00000000        0x0 linker stubs

.iplt           0x08000fa8        0x0
 .iplt          0x00000000        0x0 c:/program files/atollic/truestudio for arm 5.4.0/armtools/bin/../lib/gcc/arm-atollic-eabi/4.8.3/armv7e-m/fpu/crtbegin.o

.rodata         0x08000fa8       0x10
                0x08000fa8                . = ALIGN (0x4)
 *(.rodata)
 *(.rodata*)
 .rodata.APBAHBPrescTable
                0x08000fa8       0x10 Drivers\STM32F4xx_HAL_Driver\stm32f4xx_hal_rcc.o
                0x08000fa8                APBAHBPrescTable
                0x08000fb8                . = ALIGN (0x4)

.rel.dyn        0x08000fb8        0x0
 .rel.iplt      0x00000000        0x0 c:/program files/atollic/truestudio for arm 5.4.0/armtools/bin/../lib/gcc/arm-atollic-eabi/4.8.3/armv7e-m/fpu/crtbegin.o

.ARM.extab
 *(.ARM.extab* .gnu.linkonce.armextab.*)

.ARM            0x08000fb8        0x0
                0x08000fb8                __exidx_start = .
 *(.ARM.exidx*)
                0x08000fb8                __exidx_end = .

.preinit_array  0x08000fb8        0x0
                0x08000fb8                PROVIDE (__preinit_array_start, .)
 *(.preinit_array*)
                0x08000fb8                PROVIDE (__preinit_array_end, .)

.init_array     0x08000fb8        0x4
                0x08000fb8                PROVIDE (__init_array_start, .)
 *(SORT(.init_array.*))
 *(.init_array*)
 .init_array    0x08000fb8        0x4 c:/program files/atollic/truestudio for arm 5.4.0/armtools/bin/../lib/gcc/arm-atollic-eabi/4.8.3/armv7e-m/fpu/crtbegin.o
                0x08000fbc                PROVIDE (__init_array_end, .)

.fini_array     0x08000fbc        0x4
                0x08000fbc                PROVIDE (__fini_array_start, .)
 *(SORT(.fini_array.*))
 *(.fini_array*)
 .fini_array    0x08000fbc        0x4 c:/program files/atollic/truestudio for arm 5.4.0/armtools/bin/../lib/gcc/arm-atollic-eabi/4.8.3/armv7e-m/fpu/crtbegin.o
                0x08000fc0                PROVIDE (__fini_array_end, .)
                0x08000fc0                _sidata = LOADADDR (.data)

.data           0x20000000        0x8 load address 0x08000fc0
                0x20000000                . = ALIGN (0x4)
                0x20000000                _sdata = .
 *(.data)
 *(.data*)
 .data.xNextTaskUnblockTime
                0x20000000        0x4 Middlewares\FreeRTOS\tasks.o
 .data.SystemCoreClock
                0x20000004        0x4 Drivers\CMSIS\system_stm32f4xx.o
                0x20000004                SystemCoreClock
                0x20000008                . = ALIGN (0x4)
                0x20000008                _edata = .

.igot.plt       0x20000008        0x0 load address 0x08000fc8
 .igot.plt      0x00000000        0x0 c:/program files/atollic/truestudio for arm 5.4.0/armtools/bin/../lib/gcc/arm-atollic-eabi/4.8.3/armv7e-m/fpu/crtbegin.o
                0x20000008                . = ALIGN (0x4)

.bss            0x20000008       0xd4 load address 0x08000fc8
                0x20000008                _sbss = .
                0x20000008                __bss_start__ = _sbss
 *(.bss)
 .bss           0x20000008       0x1c c:/program files/atollic/truestudio for arm 5.4.0/armtools/bin/../lib/gcc/arm-atollic-eabi/4.8.3/armv7e-m/fpu/crtbegin.o
 *(.bss*)
 .bss.xNumOfOverflows
                0x20000024        0x4 Middlewares\FreeRTOS\tasks.o
 .bss.pxDelayedTaskList
                0x20000028        0x4 Middlewares\FreeRTOS\tasks.o
 .bss.xSchedulerRunning
                0x2000002c        0x4 Middlewares\FreeRTOS\tasks.o
 .bss.uxPendedTicks
                0x20000030        0x4 Middlewares\FreeRTOS\tasks.o
 .bss.pxReadyTasksLists
                0x20000034       0x8c Middlewares\FreeRTOS\tasks.o
 .bss.pxCurrentTCB
                0x200000c0        0x4 Middlewares\FreeRTOS\tasks.o
                0x200000c0                pxCurrentTCB
 .bss.uxSchedulerSuspended
                0x200000c4        0x4 Middlewares\FreeRTOS\tasks.o
 .bss.xTickCount
                0x200000c8        0x4 Middlewares\FreeRTOS\tasks.o
 .bss.pxOverflowDelayedTaskList
                0x200000cc        0x4 Middlewares\FreeRTOS\tasks.o
 .bss.uxTopReadyPriority
                0x200000d0        0x4 Middlewares\FreeRTOS\tasks.o
 .bss.xYieldPending
                0x200000d4        0x4 Middlewares\FreeRTOS\tasks.o
 .bss.uwTick    0x200000d8        0x4 Drivers\STM32F4xx_HAL_Driver\stm32f4xx_hal.o
 *(COMMON)
                0x200000dc                . = ALIGN (0x4)
                0x200000dc                _ebss = .
                0x200000dc                __bss_end__ = _ebss

._user_heap_stack
                0x200000dc      0x400 load address 0x08000fc8
                0x200000dc                . = ALIGN (0x4)
                0x200000dc                PROVIDE (end, .)
                0x200000dc                PROVIDE (_end, .)
                0x200000dc                . = (. + _Min_Heap_Size)
                0x200004dc                . = (. + _Min_Stack_Size)
 *fill*         0x200000dc      0x400 
                0x200004dc                . = ALIGN (0x4)

/DISCARD/
 libc.a(*)
 libm.a(*)
 libgcc.a(*)

.ARM.attributes
                0x00000000       0x30
 *(.ARM.attributes)
 .ARM.attributes
                0x00000000       0x22 c:/program files/atollic/truestudio for arm 5.4.0/armtools/bin/../lib/gcc/arm-atollic-eabi/4.8.3/armv7e-m/fpu/crti.o
 .ARM.attributes
                0x00000022       0x34 c:/program files/atollic/truestudio for arm 5.4.0/armtools/bin/../lib/gcc/arm-atollic-eabi/4.8.3/armv7e-m/fpu/crtbegin.o
 .ARM.attributes
                0x00000056       0x39 Middlewares\FreeRTOS\tasks.o
 .ARM.attributes
                0x0000008f       0x39 Middlewares\FreeRTOS\port.o
 .ARM.attributes
                0x000000c8       0x39 Middlewares\FreeRTOS\list.o
 .ARM.attributes
                0x00000101       0x39 Middlewares\FreeRTOS\cmsis_os.o
 .ARM.attributes
                0x0000013a       0x39 Drivers\STM32F4xx_HAL_Driver\stm32f4xx_hal_rcc.o
 .ARM.attributes
                0x00000173       0x39 Drivers\STM32F4xx_HAL_Driver\stm32f4xx_hal_gpio.o
 .ARM.attributes
                0x000001ac       0x39 Drivers\STM32F4xx_HAL_Driver\stm32f4xx_hal_cortex.o
 .ARM.attributes
                0x000001e5       0x39 Drivers\STM32F4xx_HAL_Driver\stm32f4xx_hal.o
 .ARM.attributes
                0x0000021e       0x39 Drivers\CMSIS\system_stm32f4xx.o
 .ARM.attributes
                0x00000257       0x39 Application\User\stm32f4xx_it.o
 .ARM.attributes
                0x00000290       0x39 Application\User\stm32f4xx_hal_msp.o
 .ARM.attributes
                0x000002c9       0x39 Application\User\main.o
 .ARM.attributes
                0x00000302       0x21 Application\TrueSTUDIO\startup_stm32f411xe.o
 .ARM.attributes
                0x00000323       0x34 c:/program files/atollic/truestudio for arm 5.4.0/armtools/bin/../lib/gcc/arm-atollic-eabi/4.8.3/../../../../arm-atollic-eabi/lib/armv7e-m/fpu\libc.a(lib_a-init.o)
 .ARM.attributes
                0x00000357       0x22 c:/program files/atollic/truestudio for arm 5.4.0/armtools/bin/../lib/gcc/arm-atollic-eabi/4.8.3/armv7e-m/fpu/crtn.o
OUTPUT(lab4 Configuration.elf elf32-littlearm)

.debug_info     0x00000000     0x8c05
 .debug_info    0x00000000     0x26b2 Middlewares\FreeRTOS\tasks.o
 .debug_info    0x000026b2      0x54d Middlewares\FreeRTOS\port.o
 .debug_info    0x00002bff      0x298 Middlewares\FreeRTOS\list.o
 .debug_info    0x00002e97     0x1f84 Middlewares\FreeRTOS\cmsis_os.o
 .debug_info    0x00004e1b      0xced Drivers\STM32F4xx_HAL_Driver\stm32f4xx_hal_rcc.o
 .debug_info    0x00005b08      0x70e Drivers\STM32F4xx_HAL_Driver\stm32f4xx_hal_gpio.o
 .debug_info    0x00006216      0xddf Drivers\STM32F4xx_HAL_Driver\stm32f4xx_hal_cortex.o
 .debug_info    0x00006ff5      0x87f Drivers\STM32F4xx_HAL_Driver\stm32f4xx_hal.o
 .debug_info    0x00007874      0x4a5 Drivers\CMSIS\system_stm32f4xx.o
 .debug_info    0x00007d19       0xc8 Application\User\stm32f4xx_it.o
 .debug_info    0x00007de1      0x2c8 Application\User\stm32f4xx_hal_msp.o
 .debug_info    0x000080a9      0xa71 Application\User\main.o
 .debug_info    0x00008b1a       0xeb Application\TrueSTUDIO\startup_stm32f411xe.o

.debug_abbrev   0x00000000     0x198d
 .debug_abbrev  0x00000000      0x39b Middlewares\FreeRTOS\tasks.o
 .debug_abbrev  0x0000039b      0x220 Middlewares\FreeRTOS\port.o
 .debug_abbrev  0x000005bb       0xdc Middlewares\FreeRTOS\list.o
 .debug_abbrev  0x00000697      0x3d1 Middlewares\FreeRTOS\cmsis_os.o
 .debug_abbrev  0x00000a68      0x320 Drivers\STM32F4xx_HAL_Driver\stm32f4xx_hal_rcc.o
 .debug_abbrev  0x00000d88      0x1c8 Drivers\STM32F4xx_HAL_Driver\stm32f4xx_hal_gpio.o
 .debug_abbrev  0x00000f50      0x2e0 Drivers\STM32F4xx_HAL_Driver\stm32f4xx_hal_cortex.o
 .debug_abbrev  0x00001230      0x283 Drivers\STM32F4xx_HAL_Driver\stm32f4xx_hal.o
 .debug_abbrev  0x000014b3      0x101 Drivers\CMSIS\system_stm32f4xx.o
 .debug_abbrev  0x000015b4       0x88 Application\User\stm32f4xx_it.o
 .debug_abbrev  0x0000163c       0xd1 Application\User\stm32f4xx_hal_msp.o
 .debug_abbrev  0x0000170d      0x26e Application\User\main.o
 .debug_abbrev  0x0000197b       0x12 Application\TrueSTUDIO\startup_stm32f411xe.o

.debug_loc      0x00000000     0x386c
 .debug_loc     0x00000000     0x15bd Middlewares\FreeRTOS\tasks.o
 .debug_loc     0x000015bd       0x9a Middlewares\FreeRTOS\port.o
 .debug_loc     0x00001657       0x75 Middlewares\FreeRTOS\list.o
 .debug_loc     0x000016cc     0x1171 Middlewares\FreeRTOS\cmsis_os.o
 .debug_loc     0x0000283d      0x6b7 Drivers\STM32F4xx_HAL_Driver\stm32f4xx_hal_rcc.o
 .debug_loc     0x00002ef4      0x3e3 Drivers\STM32F4xx_HAL_Driver\stm32f4xx_hal_gpio.o
 .debug_loc     0x000032d7      0x422 Drivers\STM32F4xx_HAL_Driver\stm32f4xx_hal_cortex.o
 .debug_loc     0x000036f9       0x8e Drivers\STM32F4xx_HAL_Driver\stm32f4xx_hal.o
 .debug_loc     0x00003787       0xc4 Drivers\CMSIS\system_stm32f4xx.o
 .debug_loc     0x0000384b       0x21 Application\User\main.o

.debug_aranges  0x00000000      0x6d0
 .debug_aranges
                0x00000000      0x180 Middlewares\FreeRTOS\tasks.o
 .debug_aranges
                0x00000180       0x80 Middlewares\FreeRTOS\port.o
 .debug_aranges
                0x00000200       0x40 Middlewares\FreeRTOS\list.o
 .debug_aranges
                0x00000240      0x198 Middlewares\FreeRTOS\cmsis_os.o
 .debug_aranges
                0x000003d8       0x88 Drivers\STM32F4xx_HAL_Driver\stm32f4xx_hal_rcc.o
 .debug_aranges
                0x00000460       0x58 Drivers\STM32F4xx_HAL_Driver\stm32f4xx_hal_gpio.o
 .debug_aranges
                0x000004b8       0x98 Drivers\STM32F4xx_HAL_Driver\stm32f4xx_hal_cortex.o
 .debug_aranges
                0x00000550       0xc0 Drivers\STM32F4xx_HAL_Driver\stm32f4xx_hal.o
 .debug_aranges
                0x00000610       0x28 Drivers\CMSIS\system_stm32f4xx.o
 .debug_aranges
                0x00000638       0x20 Application\User\stm32f4xx_it.o
 .debug_aranges
                0x00000658       0x20 Application\User\stm32f4xx_hal_msp.o
 .debug_aranges
                0x00000678       0x30 Application\User\main.o
 .debug_aranges
                0x000006a8       0x28 Application\TrueSTUDIO\startup_stm32f411xe.o

.debug_ranges   0x00000000      0x888
 .debug_ranges  0x00000000      0x220 Middlewares\FreeRTOS\tasks.o
 .debug_ranges  0x00000220       0x70 Middlewares\FreeRTOS\port.o
 .debug_ranges  0x00000290       0x30 Middlewares\FreeRTOS\list.o
 .debug_ranges  0x000002c0      0x1a8 Middlewares\FreeRTOS\cmsis_os.o
 .debug_ranges  0x00000468      0x170 Drivers\STM32F4xx_HAL_Driver\stm32f4xx_hal_rcc.o
 .debug_ranges  0x000005d8       0x48 Drivers\STM32F4xx_HAL_Driver\stm32f4xx_hal_gpio.o
 .debug_ranges  0x00000620       0xd8 Drivers\STM32F4xx_HAL_Driver\stm32f4xx_hal_cortex.o
 .debug_ranges  0x000006f8       0xb0 Drivers\STM32F4xx_HAL_Driver\stm32f4xx_hal.o
 .debug_ranges  0x000007a8       0x18 Drivers\CMSIS\system_stm32f4xx.o
 .debug_ranges  0x000007c0       0x10 Application\User\stm32f4xx_it.o
 .debug_ranges  0x000007d0       0x10 Application\User\stm32f4xx_hal_msp.o
 .debug_ranges  0x000007e0       0x88 Application\User\main.o
 .debug_ranges  0x00000868       0x20 Application\TrueSTUDIO\startup_stm32f411xe.o

.debug_line     0x00000000     0x3453
 .debug_line    0x00000000      0xbb1 Middlewares\FreeRTOS\tasks.o
 .debug_line    0x00000bb1      0x343 Middlewares\FreeRTOS\port.o
 .debug_line    0x00000ef4      0x245 Middlewares\FreeRTOS\list.o
 .debug_line    0x00001139      0x890 Middlewares\FreeRTOS\cmsis_os.o
 .debug_line    0x000019c9      0x5ea Drivers\STM32F4xx_HAL_Driver\stm32f4xx_hal_rcc.o
 .debug_line    0x00001fb3      0x39e Drivers\STM32F4xx_HAL_Driver\stm32f4xx_hal_gpio.o
 .debug_line    0x00002351      0x3ec Drivers\STM32F4xx_HAL_Driver\stm32f4xx_hal_cortex.o
 .debug_line    0x0000273d      0x3c2 Drivers\STM32F4xx_HAL_Driver\stm32f4xx_hal.o
 .debug_line    0x00002aff      0x1f6 Drivers\CMSIS\system_stm32f4xx.o
 .debug_line    0x00002cf5      0x193 Application\User\stm32f4xx_it.o
 .debug_line    0x00002e88      0x1d9 Application\User\stm32f4xx_hal_msp.o
 .debug_line    0x00003061      0x33e Application\User\main.o
 .debug_line    0x0000339f       0xb4 Application\TrueSTUDIO\startup_stm32f411xe.o

.debug_str      0x00000000     0x2af0
 .debug_str     0x00000000      0xf55 Middlewares\FreeRTOS\tasks.o
                               0x1007 (size before relaxing)
 .debug_str     0x00000f55      0x1a2 Middlewares\FreeRTOS\port.o
                                0x4d2 (size before relaxing)
 .debug_str     0x000010f7       0x79 Middlewares\FreeRTOS\list.o
                                0x348 (size before relaxing)
 .debug_str     0x00001170      0x88e Middlewares\FreeRTOS\cmsis_os.o
                                0xe28 (size before relaxing)
 .debug_str     0x000019fe      0x4e1 Drivers\STM32F4xx_HAL_Driver\stm32f4xx_hal_rcc.o
                                0x725 (size before relaxing)
 .debug_str     0x00001edf      0x16c Drivers\STM32F4xx_HAL_Driver\stm32f4xx_hal_gpio.o
                                0x54a (size before relaxing)
 .debug_str     0x0000204b      0x782 Drivers\STM32F4xx_HAL_Driver\stm32f4xx_hal_cortex.o
                                0xae5 (size before relaxing)
 .debug_str     0x000027cd      0x1f1 Drivers\STM32F4xx_HAL_Driver\stm32f4xx_hal.o
                                0x99f (size before relaxing)
 .debug_str     0x000029be       0x7a Drivers\CMSIS\system_stm32f4xx.o
                                0x3fb (size before relaxing)
 .debug_str     0x00002a38       0x2c Application\User\stm32f4xx_it.o
                                0x219 (size before relaxing)
 .debug_str     0x00002a64       0x21 Application\User\stm32f4xx_hal_msp.o
                                0x5ef (size before relaxing)
 .debug_str     0x00002a85       0x6b Application\User\main.o
                                0xa88 (size before relaxing)

.comment        0x00000000       0x82
 .comment       0x00000000       0x82 Middlewares\FreeRTOS\tasks.o
                                 0x83 (size before relaxing)
 .comment       0x00000000       0x83 Middlewares\FreeRTOS\port.o
 .comment       0x00000000       0x83 Middlewares\FreeRTOS\list.o
 .comment       0x00000000       0x83 Middlewares\FreeRTOS\cmsis_os.o
 .comment       0x00000000       0x83 Drivers\STM32F4xx_HAL_Driver\stm32f4xx_hal_rcc.o
 .comment       0x00000000       0x83 Drivers\STM32F4xx_HAL_Driver\stm32f4xx_hal_gpio.o
 .comment       0x00000000       0x83 Drivers\STM32F4xx_HAL_Driver\stm32f4xx_hal_cortex.o
 .comment       0x00000000       0x83 Drivers\STM32F4xx_HAL_Driver\stm32f4xx_hal.o
 .comment       0x00000000       0x83 Drivers\CMSIS\system_stm32f4xx.o
 .comment       0x00000000       0x83 Application\User\stm32f4xx_it.o
 .comment       0x00000000       0x83 Application\User\stm32f4xx_hal_msp.o
 .comment       0x00000000       0x83 Application\User\main.o

.debug_frame    0x00000000     0x1030
 .debug_frame   0x00000000      0x480 Middlewares\FreeRTOS\tasks.o
 .debug_frame   0x00000480       0xf4 Middlewares\FreeRTOS\port.o
 .debug_frame   0x00000574       0x6c Middlewares\FreeRTOS\list.o
 .debug_frame   0x000005e0      0x488 Middlewares\FreeRTOS\cmsis_os.o
 .debug_frame   0x00000a68      0x148 Drivers\STM32F4xx_HAL_Driver\stm32f4xx_hal_rcc.o
 .debug_frame   0x00000bb0       0xc8 Drivers\STM32F4xx_HAL_Driver\stm32f4xx_hal_gpio.o
 .debug_frame   0x00000c78      0x130 Drivers\STM32F4xx_HAL_Driver\stm32f4xx_hal_cortex.o
 .debug_frame   0x00000da8      0x184 Drivers\STM32F4xx_HAL_Driver\stm32f4xx_hal.o
 .debug_frame   0x00000f2c       0x30 Drivers\CMSIS\system_stm32f4xx.o
 .debug_frame   0x00000f5c       0x20 Application\User\stm32f4xx_it.o
 .debug_frame   0x00000f7c       0x28 Application\User\stm32f4xx_hal_msp.o
 .debug_frame   0x00000fa4       0x60 Application\User\main.o
 .debug_frame   0x00001004       0x2c c:/program files/atollic/truestudio for arm 5.4.0/armtools/bin/../lib/gcc/arm-atollic-eabi/4.8.3/../../../../arm-atollic-eabi/lib/armv7e-m/fpu\libc.a(lib_a-init.o)

Cross Reference Table

Symbol                                            File
ADC_IRQHandler                                    Application\TrueSTUDIO\startup_stm32f411xe.o
AHBPrescTable                                     Drivers\CMSIS\system_stm32f4xx.o
APBAHBPrescTable                                  Drivers\STM32F4xx_HAL_Driver\stm32f4xx_hal_rcc.o
BusFault_Handler                                  Application\TrueSTUDIO\startup_stm32f411xe.o
DMA1_Stream0_IRQHandler                           Application\TrueSTUDIO\startup_stm32f411xe.o
DMA1_Stream1_IRQHandler                           Application\TrueSTUDIO\startup_stm32f411xe.o
DMA1_Stream2_IRQHandler                           Application\TrueSTUDIO\startup_stm32f411xe.o
DMA1_Stream3_IRQHandler                           Application\TrueSTUDIO\startup_stm32f411xe.o
DMA1_Stream4_IRQHandler                           Application\TrueSTUDIO\startup_stm32f411xe.o
DMA1_Stream5_IRQHandler                           Application\TrueSTUDIO\startup_stm32f411xe.o
DMA1_Stream6_IRQHandler                           Application\TrueSTUDIO\startup_stm32f411xe.o
DMA1_Stream7_IRQHandler                           Application\TrueSTUDIO\startup_stm32f411xe.o
DMA2_Stream0_IRQHandler                           Application\TrueSTUDIO\startup_stm32f411xe.o
DMA2_Stream1_IRQHandler                           Application\TrueSTUDIO\startup_stm32f411xe.o
DMA2_Stream2_IRQHandler                           Application\TrueSTUDIO\startup_stm32f411xe.o
DMA2_Stream3_IRQHandler                           Application\TrueSTUDIO\startup_stm32f411xe.o
DMA2_Stream4_IRQHandler                           Application\TrueSTUDIO\startup_stm32f411xe.o
DMA2_Stream5_IRQHandler                           Application\TrueSTUDIO\startup_stm32f411xe.o
DMA2_Stream6_IRQHandler                           Application\TrueSTUDIO\startup_stm32f411xe.o
DMA2_Stream7_IRQHandler                           Application\TrueSTUDIO\startup_stm32f411xe.o
DebugMon_Handler                                  Application\TrueSTUDIO\startup_stm32f411xe.o
Default_Handler                                   Application\TrueSTUDIO\startup_stm32f411xe.o
EXTI0_IRQHandler                                  Application\TrueSTUDIO\startup_stm32f411xe.o
EXTI15_10_IRQHandler                              Application\TrueSTUDIO\startup_stm32f411xe.o
EXTI1_IRQHandler                                  Application\TrueSTUDIO\startup_stm32f411xe.o
EXTI2_IRQHandler                                  Application\TrueSTUDIO\startup_stm32f411xe.o
EXTI3_IRQHandler                                  Application\TrueSTUDIO\startup_stm32f411xe.o
EXTI4_IRQHandler                                  Application\TrueSTUDIO\startup_stm32f411xe.o
EXTI9_5_IRQHandler                                Application\TrueSTUDIO\startup_stm32f411xe.o
FLASH_Erase_Sector                                Drivers\STM32F4xx_HAL_Driver\stm32f4xx_hal_flash_ex.o
                                                  Drivers\STM32F4xx_HAL_Driver\stm32f4xx_hal_flash.o
FLASH_FlushCaches                                 Drivers\STM32F4xx_HAL_Driver\stm32f4xx_hal_flash_ex.o
                                                  Drivers\STM32F4xx_HAL_Driver\stm32f4xx_hal_flash.o
FLASH_IRQHandler                                  Application\TrueSTUDIO\startup_stm32f411xe.o
FLASH_WaitForLastOperation                        Drivers\STM32F4xx_HAL_Driver\stm32f4xx_hal_flash.o
                                                  Drivers\STM32F4xx_HAL_Driver\stm32f4xx_hal_flash_ex.o
FPU_IRQHandler                                    Application\TrueSTUDIO\startup_stm32f411xe.o
HAL_DBGMCU_DisableDBGSleepMode                    Drivers\STM32F4xx_HAL_Driver\stm32f4xx_hal.o
HAL_DBGMCU_DisableDBGStandbyMode                  Drivers\STM32F4xx_HAL_Driver\stm32f4xx_hal.o
HAL_DBGMCU_DisableDBGStopMode                     Drivers\STM32F4xx_HAL_Driver\stm32f4xx_hal.o
HAL_DBGMCU_EnableDBGSleepMode                     Drivers\STM32F4xx_HAL_Driver\stm32f4xx_hal.o
HAL_DBGMCU_EnableDBGStandbyMode                   Drivers\STM32F4xx_HAL_Driver\stm32f4xx_hal.o
HAL_DBGMCU_EnableDBGStopMode                      Drivers\STM32F4xx_HAL_Driver\stm32f4xx_hal.o
HAL_DMAEx_ChangeMemory                            Drivers\STM32F4xx_HAL_Driver\stm32f4xx_hal_dma_ex.o
HAL_DMAEx_MultiBufferStart                        Drivers\STM32F4xx_HAL_Driver\stm32f4xx_hal_dma_ex.o
HAL_DMAEx_MultiBufferStart_IT                     Drivers\STM32F4xx_HAL_Driver\stm32f4xx_hal_dma_ex.o
HAL_DMA_Abort                                     Drivers\STM32F4xx_HAL_Driver\stm32f4xx_hal_dma.o
HAL_DMA_DeInit                                    Drivers\STM32F4xx_HAL_Driver\stm32f4xx_hal_dma.o
HAL_DMA_GetError                                  Drivers\STM32F4xx_HAL_Driver\stm32f4xx_hal_dma.o
HAL_DMA_GetState                                  Drivers\STM32F4xx_HAL_Driver\stm32f4xx_hal_dma.o
HAL_DMA_IRQHandler                                Drivers\STM32F4xx_HAL_Driver\stm32f4xx_hal_dma.o
HAL_DMA_Init                                      Drivers\STM32F4xx_HAL_Driver\stm32f4xx_hal_dma.o
HAL_DMA_PollForTransfer                           Drivers\STM32F4xx_HAL_Driver\stm32f4xx_hal_dma.o
HAL_DMA_Start                                     Drivers\STM32F4xx_HAL_Driver\stm32f4xx_hal_dma.o
HAL_DMA_Start_IT                                  Drivers\STM32F4xx_HAL_Driver\stm32f4xx_hal_dma.o
HAL_DeInit                                        Drivers\STM32F4xx_HAL_Driver\stm32f4xx_hal.o
HAL_Delay                                         Drivers\STM32F4xx_HAL_Driver\stm32f4xx_hal.o
HAL_DisableCompensationCell                       Drivers\STM32F4xx_HAL_Driver\stm32f4xx_hal.o
HAL_EnableCompensationCell                        Drivers\STM32F4xx_HAL_Driver\stm32f4xx_hal.o
HAL_FLASHEx_AdvOBGetConfig                        Drivers\STM32F4xx_HAL_Driver\stm32f4xx_hal_flash_ex.o
HAL_FLASHEx_AdvOBProgram                          Drivers\STM32F4xx_HAL_Driver\stm32f4xx_hal_flash_ex.o
HAL_FLASHEx_DisableFlashSleepMode                 Drivers\STM32F4xx_HAL_Driver\stm32f4xx_hal_flash_ramfunc.o
HAL_FLASHEx_EnableFlashSleepMode                  Drivers\STM32F4xx_HAL_Driver\stm32f4xx_hal_flash_ramfunc.o
HAL_FLASHEx_Erase                                 Drivers\STM32F4xx_HAL_Driver\stm32f4xx_hal_flash_ex.o
HAL_FLASHEx_Erase_IT                              Drivers\STM32F4xx_HAL_Driver\stm32f4xx_hal_flash_ex.o
HAL_FLASHEx_OBGetConfig                           Drivers\STM32F4xx_HAL_Driver\stm32f4xx_hal_flash_ex.o
HAL_FLASHEx_OBProgram                             Drivers\STM32F4xx_HAL_Driver\stm32f4xx_hal_flash_ex.o
HAL_FLASHEx_OB_DeSelectPCROP                      Drivers\STM32F4xx_HAL_Driver\stm32f4xx_hal_flash_ex.o
HAL_FLASHEx_OB_SelectPCROP                        Drivers\STM32F4xx_HAL_Driver\stm32f4xx_hal_flash_ex.o
HAL_FLASHEx_StartFlashInterfaceClk                Drivers\STM32F4xx_HAL_Driver\stm32f4xx_hal_flash_ramfunc.o
HAL_FLASHEx_StopFlashInterfaceClk                 Drivers\STM32F4xx_HAL_Driver\stm32f4xx_hal_flash_ramfunc.o
HAL_FLASH_EndOfOperationCallback                  Drivers\STM32F4xx_HAL_Driver\stm32f4xx_hal_flash.o
HAL_FLASH_GetError                                Drivers\STM32F4xx_HAL_Driver\stm32f4xx_hal_flash.o
HAL_FLASH_IRQHandler                              Drivers\STM32F4xx_HAL_Driver\stm32f4xx_hal_flash.o
HAL_FLASH_Lock                                    Drivers\STM32F4xx_HAL_Driver\stm32f4xx_hal_flash.o
HAL_FLASH_OB_Launch                               Drivers\STM32F4xx_HAL_Driver\stm32f4xx_hal_flash.o
HAL_FLASH_OB_Lock                                 Drivers\STM32F4xx_HAL_Driver\stm32f4xx_hal_flash.o
HAL_FLASH_OB_Unlock                               Drivers\STM32F4xx_HAL_Driver\stm32f4xx_hal_flash.o
HAL_FLASH_OperationErrorCallback                  Drivers\STM32F4xx_HAL_Driver\stm32f4xx_hal_flash.o
HAL_FLASH_Program                                 Drivers\STM32F4xx_HAL_Driver\stm32f4xx_hal_flash.o
HAL_FLASH_Program_IT                              Drivers\STM32F4xx_HAL_Driver\stm32f4xx_hal_flash.o
HAL_FLASH_Unlock                                  Drivers\STM32F4xx_HAL_Driver\stm32f4xx_hal_flash.o
HAL_GPIO_DeInit                                   Drivers\STM32F4xx_HAL_Driver\stm32f4xx_hal_gpio.o
HAL_GPIO_EXTI_Callback                            Drivers\STM32F4xx_HAL_Driver\stm32f4xx_hal_gpio.o
HAL_GPIO_EXTI_IRQHandler                          Drivers\STM32F4xx_HAL_Driver\stm32f4xx_hal_gpio.o
HAL_GPIO_Init                                     Drivers\STM32F4xx_HAL_Driver\stm32f4xx_hal_gpio.o
                                                  Application\User\main.o
                                                  Drivers\STM32F4xx_HAL_Driver\stm32f4xx_hal_rcc.o
HAL_GPIO_LockPin                                  Drivers\STM32F4xx_HAL_Driver\stm32f4xx_hal_gpio.o
HAL_GPIO_ReadPin                                  Drivers\STM32F4xx_HAL_Driver\stm32f4xx_hal_gpio.o
HAL_GPIO_TogglePin                                Drivers\STM32F4xx_HAL_Driver\stm32f4xx_hal_gpio.o
HAL_GPIO_WritePin                                 Drivers\STM32F4xx_HAL_Driver\stm32f4xx_hal_gpio.o
HAL_GetDEVID                                      Drivers\STM32F4xx_HAL_Driver\stm32f4xx_hal.o
HAL_GetHalVersion                                 Drivers\STM32F4xx_HAL_Driver\stm32f4xx_hal.o
HAL_GetREVID                                      Drivers\STM32F4xx_HAL_Driver\stm32f4xx_hal.o
HAL_GetTick                                       Drivers\STM32F4xx_HAL_Driver\stm32f4xx_hal.o
                                                  Drivers\STM32F4xx_HAL_Driver\stm32f4xx_hal_dma.o
                                                  Drivers\STM32F4xx_HAL_Driver\stm32f4xx_hal_flash.o
                                                  Drivers\STM32F4xx_HAL_Driver\stm32f4xx_hal_pwr_ex.o
                                                  Drivers\STM32F4xx_HAL_Driver\stm32f4xx_hal_rcc.o
                                                  Drivers\STM32F4xx_HAL_Driver\stm32f4xx_hal_rcc_ex.o
HAL_IncTick                                       Drivers\STM32F4xx_HAL_Driver\stm32f4xx_hal.o
HAL_Init                                          Drivers\STM32F4xx_HAL_Driver\stm32f4xx_hal.o
                                                  Application\User\main.o
HAL_InitTick                                      Drivers\STM32F4xx_HAL_Driver\stm32f4xx_hal.o
                                                  Drivers\STM32F4xx_HAL_Driver\stm32f4xx_hal_rcc.o
HAL_MPU_ConfigRegion                              Drivers\STM32F4xx_HAL_Driver\stm32f4xx_hal_cortex.o
HAL_MspDeInit                                     Drivers\STM32F4xx_HAL_Driver\stm32f4xx_hal.o
HAL_MspInit                                       Application\User\stm32f4xx_hal_msp.o
                                                  Drivers\STM32F4xx_HAL_Driver\stm32f4xx_hal.o
HAL_NVIC_ClearPendingIRQ                          Drivers\STM32F4xx_HAL_Driver\stm32f4xx_hal_cortex.o
HAL_NVIC_DisableIRQ                               Drivers\STM32F4xx_HAL_Driver\stm32f4xx_hal_cortex.o
HAL_NVIC_EnableIRQ                                Drivers\STM32F4xx_HAL_Driver\stm32f4xx_hal_cortex.o
HAL_NVIC_GetActive                                Drivers\STM32F4xx_HAL_Driver\stm32f4xx_hal_cortex.o
HAL_NVIC_GetPendingIRQ                            Drivers\STM32F4xx_HAL_Driver\stm32f4xx_hal_cortex.o
HAL_NVIC_GetPriority                              Drivers\STM32F4xx_HAL_Driver\stm32f4xx_hal_cortex.o
HAL_NVIC_GetPriorityGrouping                      Drivers\STM32F4xx_HAL_Driver\stm32f4xx_hal_cortex.o
HAL_NVIC_SetPendingIRQ                            Drivers\STM32F4xx_HAL_Driver\stm32f4xx_hal_cortex.o
HAL_NVIC_SetPriority                              Drivers\STM32F4xx_HAL_Driver\stm32f4xx_hal_cortex.o
                                                  Application\User\main.o
                                                  Application\User\stm32f4xx_hal_msp.o
                                                  Drivers\STM32F4xx_HAL_Driver\stm32f4xx_hal.o
HAL_NVIC_SetPriorityGrouping                      Drivers\STM32F4xx_HAL_Driver\stm32f4xx_hal_cortex.o
                                                  Application\User\stm32f4xx_hal_msp.o
                                                  Drivers\STM32F4xx_HAL_Driver\stm32f4xx_hal.o
HAL_NVIC_SystemReset                              Drivers\STM32F4xx_HAL_Driver\stm32f4xx_hal_cortex.o
HAL_PWREx_ControlVoltageScaling                   Drivers\STM32F4xx_HAL_Driver\stm32f4xx_hal_pwr_ex.o
HAL_PWREx_DisableBkUpReg                          Drivers\STM32F4xx_HAL_Driver\stm32f4xx_hal_pwr_ex.o
HAL_PWREx_DisableFlashPowerDown                   Drivers\STM32F4xx_HAL_Driver\stm32f4xx_hal_pwr_ex.o
HAL_PWREx_DisableLowRegulatorLowVoltage           Drivers\STM32F4xx_HAL_Driver\stm32f4xx_hal_pwr_ex.o
HAL_PWREx_DisableMainRegulatorLowVoltage          Drivers\STM32F4xx_HAL_Driver\stm32f4xx_hal_pwr_ex.o
HAL_PWREx_EnableBkUpReg                           Drivers\STM32F4xx_HAL_Driver\stm32f4xx_hal_pwr_ex.o
HAL_PWREx_EnableFlashPowerDown                    Drivers\STM32F4xx_HAL_Driver\stm32f4xx_hal_pwr_ex.o
HAL_PWREx_EnableLowRegulatorLowVoltage            Drivers\STM32F4xx_HAL_Driver\stm32f4xx_hal_pwr_ex.o
HAL_PWREx_EnableMainRegulatorLowVoltage           Drivers\STM32F4xx_HAL_Driver\stm32f4xx_hal_pwr_ex.o
HAL_PWREx_GetVoltageRange                         Drivers\STM32F4xx_HAL_Driver\stm32f4xx_hal_pwr_ex.o
HAL_PWR_ConfigPVD                                 Drivers\STM32F4xx_HAL_Driver\stm32f4xx_hal_pwr.o
HAL_PWR_DeInit                                    Drivers\STM32F4xx_HAL_Driver\stm32f4xx_hal_pwr.o
HAL_PWR_DisableBkUpAccess                         Drivers\STM32F4xx_HAL_Driver\stm32f4xx_hal_pwr.o
HAL_PWR_DisablePVD                                Drivers\STM32F4xx_HAL_Driver\stm32f4xx_hal_pwr.o
HAL_PWR_DisableSEVOnPend                          Drivers\STM32F4xx_HAL_Driver\stm32f4xx_hal_pwr.o
HAL_PWR_DisableSleepOnExit                        Drivers\STM32F4xx_HAL_Driver\stm32f4xx_hal_pwr.o
HAL_PWR_DisableWakeUpPin                          Drivers\STM32F4xx_HAL_Driver\stm32f4xx_hal_pwr.o
HAL_PWR_EnableBkUpAccess                          Drivers\STM32F4xx_HAL_Driver\stm32f4xx_hal_pwr.o
HAL_PWR_EnablePVD                                 Drivers\STM32F4xx_HAL_Driver\stm32f4xx_hal_pwr.o
HAL_PWR_EnableSEVOnPend                           Drivers\STM32F4xx_HAL_Driver\stm32f4xx_hal_pwr.o
HAL_PWR_EnableSleepOnExit                         Drivers\STM32F4xx_HAL_Driver\stm32f4xx_hal_pwr.o
HAL_PWR_EnableWakeUpPin                           Drivers\STM32F4xx_HAL_Driver\stm32f4xx_hal_pwr.o
HAL_PWR_EnterSLEEPMode                            Drivers\STM32F4xx_HAL_Driver\stm32f4xx_hal_pwr.o
HAL_PWR_EnterSTANDBYMode                          Drivers\STM32F4xx_HAL_Driver\stm32f4xx_hal_pwr.o
HAL_PWR_EnterSTOPMode                             Drivers\STM32F4xx_HAL_Driver\stm32f4xx_hal_pwr.o
HAL_PWR_PVDCallback                               Drivers\STM32F4xx_HAL_Driver\stm32f4xx_hal_pwr.o
HAL_PWR_PVD_IRQHandler                            Drivers\STM32F4xx_HAL_Driver\stm32f4xx_hal_pwr.o
HAL_RCCEx_GetPeriphCLKConfig                      Drivers\STM32F4xx_HAL_Driver\stm32f4xx_hal_rcc_ex.o
HAL_RCCEx_PeriphCLKConfig                         Drivers\STM32F4xx_HAL_Driver\stm32f4xx_hal_rcc_ex.o
HAL_RCCEx_SelectLSEMode                           Drivers\STM32F4xx_HAL_Driver\stm32f4xx_hal_rcc_ex.o
HAL_RCC_CSSCallback                               Drivers\STM32F4xx_HAL_Driver\stm32f4xx_hal_rcc.o
HAL_RCC_ClockConfig                               Drivers\STM32F4xx_HAL_Driver\stm32f4xx_hal_rcc.o
                                                  Application\User\main.o
HAL_RCC_DeInit                                    Drivers\STM32F4xx_HAL_Driver\stm32f4xx_hal_rcc_ex.o
HAL_RCC_DisableCSS                                Drivers\STM32F4xx_HAL_Driver\stm32f4xx_hal_rcc.o
HAL_RCC_EnableCSS                                 Drivers\STM32F4xx_HAL_Driver\stm32f4xx_hal_rcc.o
HAL_RCC_GetClockConfig                            Drivers\STM32F4xx_HAL_Driver\stm32f4xx_hal_rcc.o
HAL_RCC_GetHCLKFreq                               Drivers\STM32F4xx_HAL_Driver\stm32f4xx_hal_rcc.o
                                                  Application\User\main.o
                                                  Drivers\STM32F4xx_HAL_Driver\stm32f4xx_hal.o
HAL_RCC_GetOscConfig                              Drivers\STM32F4xx_HAL_Driver\stm32f4xx_hal_rcc.o
HAL_RCC_GetPCLK1Freq                              Drivers\STM32F4xx_HAL_Driver\stm32f4xx_hal_rcc.o
HAL_RCC_GetPCLK2Freq                              Drivers\STM32F4xx_HAL_Driver\stm32f4xx_hal_rcc.o
HAL_RCC_GetSysClockFreq                           Drivers\STM32F4xx_HAL_Driver\stm32f4xx_hal_rcc.o
HAL_RCC_MCOConfig                                 Drivers\STM32F4xx_HAL_Driver\stm32f4xx_hal_rcc.o
HAL_RCC_NMI_IRQHandler                            Drivers\STM32F4xx_HAL_Driver\stm32f4xx_hal_rcc.o
HAL_RCC_OscConfig                                 Drivers\STM32F4xx_HAL_Driver\stm32f4xx_hal_rcc.o
                                                  Application\User\main.o
HAL_ResumeTick                                    Drivers\STM32F4xx_HAL_Driver\stm32f4xx_hal.o
HAL_SYSTICK_CLKSourceConfig                       Drivers\STM32F4xx_HAL_Driver\stm32f4xx_hal_cortex.o
                                                  Application\User\main.o
HAL_SYSTICK_Callback                              Drivers\STM32F4xx_HAL_Driver\stm32f4xx_hal_cortex.o
HAL_SYSTICK_Config                                Drivers\STM32F4xx_HAL_Driver\stm32f4xx_hal_cortex.o
                                                  Application\User\main.o
                                                  Drivers\STM32F4xx_HAL_Driver\stm32f4xx_hal.o
HAL_SYSTICK_IRQHandler                            Drivers\STM32F4xx_HAL_Driver\stm32f4xx_hal_cortex.o
HAL_SuspendTick                                   Drivers\STM32F4xx_HAL_Driver\stm32f4xx_hal.o
HardFault_Handler                                 Application\TrueSTUDIO\startup_stm32f411xe.o
I2C1_ER_IRQHandler                                Application\TrueSTUDIO\startup_stm32f411xe.o
I2C1_EV_IRQHandler                                Application\TrueSTUDIO\startup_stm32f411xe.o
I2C2_ER_IRQHandler                                Application\TrueSTUDIO\startup_stm32f411xe.o
I2C2_EV_IRQHandler                                Application\TrueSTUDIO\startup_stm32f411xe.o
I2C3_ER_IRQHandler                                Application\TrueSTUDIO\startup_stm32f411xe.o
I2C3_EV_IRQHandler                                Application\TrueSTUDIO\startup_stm32f411xe.o
MemManage_Handler                                 Application\TrueSTUDIO\startup_stm32f411xe.o
NMI_Handler                                       Application\TrueSTUDIO\startup_stm32f411xe.o
OTG_FS_IRQHandler                                 Application\TrueSTUDIO\startup_stm32f411xe.o
OTG_FS_WKUP_IRQHandler                            Application\TrueSTUDIO\startup_stm32f411xe.o
PVD_IRQHandler                                    Application\TrueSTUDIO\startup_stm32f411xe.o
PendSV_Handler                                    Middlewares\FreeRTOS\port.o
RCC_IRQHandler                                    Application\TrueSTUDIO\startup_stm32f411xe.o
RTC_Alarm_IRQHandler                              Application\TrueSTUDIO\startup_stm32f411xe.o
RTC_WKUP_IRQHandler                               Application\TrueSTUDIO\startup_stm32f411xe.o
Reset_Handler                                     Application\TrueSTUDIO\startup_stm32f411xe.o
SDIO_IRQHandler                                   Application\TrueSTUDIO\startup_stm32f411xe.o
SPI1_IRQHandler                                   Application\TrueSTUDIO\startup_stm32f411xe.o
SPI2_IRQHandler                                   Application\TrueSTUDIO\startup_stm32f411xe.o
SPI3_IRQHandler                                   Application\TrueSTUDIO\startup_stm32f411xe.o
SPI4_IRQHandler                                   Application\TrueSTUDIO\startup_stm32f411xe.o
SPI5_IRQHandler                                   Application\TrueSTUDIO\startup_stm32f411xe.o
SVC_Handler                                       Middlewares\FreeRTOS\port.o
StartDefaultTask                                  Application\User\main.o
SysTick_Handler                                   Application\User\stm32f4xx_it.o
SystemClock_Config                                Application\User\main.o
SystemCoreClock                                   Drivers\CMSIS\system_stm32f4xx.o
                                                  Drivers\STM32F4xx_HAL_Driver\stm32f4xx_hal_rcc.o
                                                  Middlewares\FreeRTOS\port.o
SystemCoreClockUpdate                             Drivers\CMSIS\system_stm32f4xx.o
SystemInit                                        Drivers\CMSIS\system_stm32f4xx.o
                                                  Application\TrueSTUDIO\startup_stm32f411xe.o
TAMP_STAMP_IRQHandler                             Application\TrueSTUDIO\startup_stm32f411xe.o
TIM1_BRK_TIM9_IRQHandler                          Application\TrueSTUDIO\startup_stm32f411xe.o
TIM1_CC_IRQHandler                                Application\TrueSTUDIO\startup_stm32f411xe.o
TIM1_TRG_COM_TIM11_IRQHandler                     Application\TrueSTUDIO\startup_stm32f411xe.o
TIM1_UP_TIM10_IRQHandler                          Application\TrueSTUDIO\startup_stm32f411xe.o
TIM2_IRQHandler                                   Application\TrueSTUDIO\startup_stm32f411xe.o
TIM3_IRQHandler                                   Application\TrueSTUDIO\startup_stm32f411xe.o
TIM4_IRQHandler                                   Application\TrueSTUDIO\startup_stm32f411xe.o
TIM5_IRQHandler                                   Application\TrueSTUDIO\startup_stm32f411xe.o
USART1_IRQHandler                                 Application\TrueSTUDIO\startup_stm32f411xe.o
USART2_IRQHandler                                 Application\TrueSTUDIO\startup_stm32f411xe.o
USART6_IRQHandler                                 Application\TrueSTUDIO\startup_stm32f411xe.o
UsageFault_Handler                                Application\TrueSTUDIO\startup_stm32f411xe.o
WWDG_IRQHandler                                   Application\TrueSTUDIO\startup_stm32f411xe.o
__deregister_frame_info                           c:/program files/atollic/truestudio for arm 5.4.0/armtools/bin/../lib/gcc/arm-atollic-eabi/4.8.3/armv7e-m/fpu/crtbegin.o
__dso_handle                                      c:/program files/atollic/truestudio for arm 5.4.0/armtools/bin/../lib/gcc/arm-atollic-eabi/4.8.3/armv7e-m/fpu/crtbegin.o
__init_array_end                                  c:/program files/atollic/truestudio for arm 5.4.0/armtools/bin/../lib/gcc/arm-atollic-eabi/4.8.3/../../../../arm-atollic-eabi/lib/armv7e-m/fpu\libc.a(lib_a-init.o)
__init_array_start                                c:/program files/atollic/truestudio for arm 5.4.0/armtools/bin/../lib/gcc/arm-atollic-eabi/4.8.3/../../../../arm-atollic-eabi/lib/armv7e-m/fpu\libc.a(lib_a-init.o)
__libc_init_array                                 c:/program files/atollic/truestudio for arm 5.4.0/armtools/bin/../lib/gcc/arm-atollic-eabi/4.8.3/../../../../arm-atollic-eabi/lib/armv7e-m/fpu\libc.a(lib_a-init.o)
                                                  Application\TrueSTUDIO\startup_stm32f411xe.o
__preinit_array_end                               c:/program files/atollic/truestudio for arm 5.4.0/armtools/bin/../lib/gcc/arm-atollic-eabi/4.8.3/../../../../arm-atollic-eabi/lib/armv7e-m/fpu\libc.a(lib_a-init.o)
__preinit_array_start                             c:/program files/atollic/truestudio for arm 5.4.0/armtools/bin/../lib/gcc/arm-atollic-eabi/4.8.3/../../../../arm-atollic-eabi/lib/armv7e-m/fpu\libc.a(lib_a-init.o)
__register_frame_info                             c:/program files/atollic/truestudio for arm 5.4.0/armtools/bin/../lib/gcc/arm-atollic-eabi/4.8.3/armv7e-m/fpu/crtbegin.o
_ebss                                             Application\TrueSTUDIO\startup_stm32f411xe.o
_edata                                            Application\TrueSTUDIO\startup_stm32f411xe.o
_estack                                           Application\TrueSTUDIO\startup_stm32f411xe.o
_fini                                             c:/program files/atollic/truestudio for arm 5.4.0/armtools/bin/../lib/gcc/arm-atollic-eabi/4.8.3/armv7e-m/fpu/crti.o
_init                                             c:/program files/atollic/truestudio for arm 5.4.0/armtools/bin/../lib/gcc/arm-atollic-eabi/4.8.3/armv7e-m/fpu/crti.o
                                                  c:/program files/atollic/truestudio for arm 5.4.0/armtools/bin/../lib/gcc/arm-atollic-eabi/4.8.3/../../../../arm-atollic-eabi/lib/armv7e-m/fpu\libc.a(lib_a-init.o)
_sbss                                             Application\TrueSTUDIO\startup_stm32f411xe.o
_sdata                                            Application\TrueSTUDIO\startup_stm32f411xe.o
_sidata                                           Application\TrueSTUDIO\startup_stm32f411xe.o
defaultTaskHandle                                 Application\User\main.o
g_pfnVectors                                      Application\TrueSTUDIO\startup_stm32f411xe.o
main                                              Application\User\main.o
                                                  Application\TrueSTUDIO\startup_stm32f411xe.o
memcpy                                            c:/program files/atollic/truestudio for arm 5.4.0/armtools/bin/../lib/gcc/arm-atollic-eabi/4.8.3/../../../../arm-atollic-eabi/lib/armv7e-m/fpu\libc.a(lib_a-memcpy-stub.o)
                                                  Middlewares\FreeRTOS\queue.o
memset                                            c:/program files/atollic/truestudio for arm 5.4.0/armtools/bin/../lib/gcc/arm-atollic-eabi/4.8.3/../../../../arm-atollic-eabi/lib/armv7e-m/fpu\libc.a(lib_a-memset.o)
                                                  Middlewares\FreeRTOS\cmsis_os.o
                                                  Middlewares\FreeRTOS\tasks.o
osDelay                                           Middlewares\FreeRTOS\cmsis_os.o
                                                  Application\User\main.o
osDelayUntil                                      Middlewares\FreeRTOS\cmsis_os.o
osKernelRunning                                   Middlewares\FreeRTOS\cmsis_os.o
osKernelStart                                     Middlewares\FreeRTOS\cmsis_os.o
osKernelSysTick                                   Middlewares\FreeRTOS\cmsis_os.o
osMailAlloc                                       Middlewares\FreeRTOS\cmsis_os.o
osMailCAlloc                                      Middlewares\FreeRTOS\cmsis_os.o
osMailCreate                                      Middlewares\FreeRTOS\cmsis_os.o
osMailFree                                        Middlewares\FreeRTOS\cmsis_os.o
osMailGet                                         Middlewares\FreeRTOS\cmsis_os.o
osMailPut                                         Middlewares\FreeRTOS\cmsis_os.o
osMessageCreate                                   Middlewares\FreeRTOS\cmsis_os.o
osMessageGet                                      Middlewares\FreeRTOS\cmsis_os.o
osMessagePeek                                     Middlewares\FreeRTOS\cmsis_os.o
osMessagePut                                      Middlewares\FreeRTOS\cmsis_os.o
osMutexCreate                                     Middlewares\FreeRTOS\cmsis_os.o
osMutexDelete                                     Middlewares\FreeRTOS\cmsis_os.o
osMutexRelease                                    Middlewares\FreeRTOS\cmsis_os.o
osMutexWait                                       Middlewares\FreeRTOS\cmsis_os.o
osPoolAlloc                                       Middlewares\FreeRTOS\cmsis_os.o
osPoolCAlloc                                      Middlewares\FreeRTOS\cmsis_os.o
osPoolCreate                                      Middlewares\FreeRTOS\cmsis_os.o
osPoolFree                                        Middlewares\FreeRTOS\cmsis_os.o
osRecursiveMutexCreate                            Middlewares\FreeRTOS\cmsis_os.o
osRecursiveMutexRelease                           Middlewares\FreeRTOS\cmsis_os.o
osRecursiveMutexWait                              Middlewares\FreeRTOS\cmsis_os.o
osSemaphoreCreate                                 Middlewares\FreeRTOS\cmsis_os.o
osSemaphoreDelete                                 Middlewares\FreeRTOS\cmsis_os.o
osSemaphoreRelease                                Middlewares\FreeRTOS\cmsis_os.o
osSemaphoreWait                                   Middlewares\FreeRTOS\cmsis_os.o
osSignalSet                                       Middlewares\FreeRTOS\cmsis_os.o
osSignalWait                                      Middlewares\FreeRTOS\cmsis_os.o
osSystickHandler                                  Middlewares\FreeRTOS\cmsis_os.o
                                                  Application\User\stm32f4xx_it.o
osThreadCreate                                    Middlewares\FreeRTOS\cmsis_os.o
osThreadGetId                                     Middlewares\FreeRTOS\cmsis_os.o
osThreadGetPriority                               Middlewares\FreeRTOS\cmsis_os.o
osThreadList                                      Middlewares\FreeRTOS\cmsis_os.o
osThreadResume                                    Middlewares\FreeRTOS\cmsis_os.o
osThreadResumeAll                                 Middlewares\FreeRTOS\cmsis_os.o
osThreadSetPriority                               Middlewares\FreeRTOS\cmsis_os.o
osThreadSuspend                                   Middlewares\FreeRTOS\cmsis_os.o
osThreadSuspendAll                                Middlewares\FreeRTOS\cmsis_os.o
osThreadTerminate                                 Middlewares\FreeRTOS\cmsis_os.o
osThreadYield                                     Middlewares\FreeRTOS\cmsis_os.o
osTimerCreate                                     Middlewares\FreeRTOS\cmsis_os.o
osTimerDelete                                     Middlewares\FreeRTOS\cmsis_os.o
osTimerStart                                      Middlewares\FreeRTOS\cmsis_os.o
osTimerStop                                       Middlewares\FreeRTOS\cmsis_os.o
pFlash                                            Drivers\STM32F4xx_HAL_Driver\stm32f4xx_hal_flash.o
                                                  Drivers\STM32F4xx_HAL_Driver\stm32f4xx_hal_flash_ex.o
pvPortMalloc                                      Middlewares\FreeRTOS\heap_4.o
                                                  Middlewares\FreeRTOS\cmsis_os.o
                                                  Middlewares\FreeRTOS\event_groups.o
                                                  Middlewares\FreeRTOS\queue.o
                                                  Middlewares\FreeRTOS\tasks.o
pvTaskIncrementMutexHeldCount                     Middlewares\FreeRTOS\tasks.o
                                                  Middlewares\FreeRTOS\queue.o
pxCurrentTCB                                      Middlewares\FreeRTOS\tasks.o
                                                  Middlewares\FreeRTOS\port.o
pxPortInitialiseStack                             Middlewares\FreeRTOS\port.o
                                                  Middlewares\FreeRTOS\tasks.o
ucQueueGetQueueType                               Middlewares\FreeRTOS\queue.o
ulTaskNotifyTake                                  Middlewares\FreeRTOS\tasks.o
uxEventGroupGetNumber                             Middlewares\FreeRTOS\event_groups.o
uxListRemove                                      Middlewares\FreeRTOS\list.o
                                                  Middlewares\FreeRTOS\tasks.o
uxQueueGetQueueNumber                             Middlewares\FreeRTOS\queue.o
uxQueueMessagesWaiting                            Middlewares\FreeRTOS\queue.o
uxQueueMessagesWaitingFromISR                     Middlewares\FreeRTOS\queue.o
uxQueueSpacesAvailable                            Middlewares\FreeRTOS\queue.o
uxTaskGetNumberOfTasks                            Middlewares\FreeRTOS\tasks.o
uxTaskGetSystemState                              Middlewares\FreeRTOS\tasks.o
uxTaskGetTaskNumber                               Middlewares\FreeRTOS\tasks.o
uxTaskPriorityGet                                 Middlewares\FreeRTOS\tasks.o
                                                  Middlewares\FreeRTOS\cmsis_os.o
uxTaskPriorityGetFromISR                          Middlewares\FreeRTOS\tasks.o
                                                  Middlewares\FreeRTOS\cmsis_os.o
uxTaskResetEventItemValue                         Middlewares\FreeRTOS\tasks.o
                                                  Middlewares\FreeRTOS\event_groups.o
vEventGroupClearBitsCallback                      Middlewares\FreeRTOS\event_groups.o
vEventGroupDelete                                 Middlewares\FreeRTOS\event_groups.o
vEventGroupSetBitsCallback                        Middlewares\FreeRTOS\event_groups.o
vListInitialise                                   Middlewares\FreeRTOS\list.o
                                                  Middlewares\FreeRTOS\event_groups.o
                                                  Middlewares\FreeRTOS\queue.o
                                                  Middlewares\FreeRTOS\tasks.o
vListInitialiseItem                               Middlewares\FreeRTOS\list.o
                                                  Middlewares\FreeRTOS\tasks.o
vListInsert                                       Middlewares\FreeRTOS\list.o
                                                  Middlewares\FreeRTOS\tasks.o
vListInsertEnd                                    Middlewares\FreeRTOS\list.o
                                                  Middlewares\FreeRTOS\tasks.o
vPortEndScheduler                                 Middlewares\FreeRTOS\port.o
                                                  Middlewares\FreeRTOS\tasks.o
vPortEnterCritical                                Middlewares\FreeRTOS\port.o
                                                  Middlewares\FreeRTOS\cmsis_os.o
                                                  Middlewares\FreeRTOS\event_groups.o
                                                  Middlewares\FreeRTOS\queue.o
                                                  Middlewares\FreeRTOS\tasks.o
vPortExitCritical                                 Middlewares\FreeRTOS\port.o
                                                  Middlewares\FreeRTOS\cmsis_os.o
                                                  Middlewares\FreeRTOS\event_groups.o
                                                  Middlewares\FreeRTOS\queue.o
                                                  Middlewares\FreeRTOS\tasks.o
vPortFree                                         Middlewares\FreeRTOS\heap_4.o
                                                  Middlewares\FreeRTOS\cmsis_os.o
                                                  Middlewares\FreeRTOS\event_groups.o
                                                  Middlewares\FreeRTOS\queue.o
                                                  Middlewares\FreeRTOS\tasks.o
vPortInitialiseBlocks                             Middlewares\FreeRTOS\heap_4.o
vPortSetupTimerInterrupt                          Middlewares\FreeRTOS\port.o
vPortValidateInterruptPriority                    Middlewares\FreeRTOS\port.o
                                                  Middlewares\FreeRTOS\queue.o
                                                  Middlewares\FreeRTOS\tasks.o
vQueueAddToRegistry                               Middlewares\FreeRTOS\queue.o
vQueueDelete                                      Middlewares\FreeRTOS\queue.o
                                                  Middlewares\FreeRTOS\cmsis_os.o
vQueueSetQueueNumber                              Middlewares\FreeRTOS\queue.o
vQueueUnregisterQueue                             Middlewares\FreeRTOS\queue.o
vTaskDelay                                        Middlewares\FreeRTOS\tasks.o
                                                  Middlewares\FreeRTOS\cmsis_os.o
vTaskDelayUntil                                   Middlewares\FreeRTOS\tasks.o
                                                  Middlewares\FreeRTOS\cmsis_os.o
vTaskDelete                                       Middlewares\FreeRTOS\tasks.o
                                                  Middlewares\FreeRTOS\cmsis_os.o
vTaskEndScheduler                                 Middlewares\FreeRTOS\tasks.o
vTaskMissedYield                                  Middlewares\FreeRTOS\tasks.o
                                                  Middlewares\FreeRTOS\queue.o
vTaskNotifyGiveFromISR                            Middlewares\FreeRTOS\tasks.o
vTaskPlaceOnEventList                             Middlewares\FreeRTOS\tasks.o
                                                  Middlewares\FreeRTOS\queue.o
vTaskPlaceOnUnorderedEventList                    Middlewares\FreeRTOS\tasks.o
                                                  Middlewares\FreeRTOS\event_groups.o
vTaskPriorityInherit                              Middlewares\FreeRTOS\tasks.o
                                                  Middlewares\FreeRTOS\queue.o
vTaskPrioritySet                                  Middlewares\FreeRTOS\tasks.o
                                                  Middlewares\FreeRTOS\cmsis_os.o
vTaskResume                                       Middlewares\FreeRTOS\tasks.o
                                                  Middlewares\FreeRTOS\cmsis_os.o
vTaskSetTaskNumber                                Middlewares\FreeRTOS\tasks.o
vTaskSetTimeOutState                              Middlewares\FreeRTOS\tasks.o
                                                  Middlewares\FreeRTOS\queue.o
vTaskStartScheduler                               Middlewares\FreeRTOS\tasks.o
                                                  Middlewares\FreeRTOS\cmsis_os.o
vTaskSuspend                                      Middlewares\FreeRTOS\tasks.o
                                                  Middlewares\FreeRTOS\cmsis_os.o
vTaskSuspendAll                                   Middlewares\FreeRTOS\tasks.o
                                                  Middlewares\FreeRTOS\cmsis_os.o
                                                  Middlewares\FreeRTOS\event_groups.o
                                                  Middlewares\FreeRTOS\heap_4.o
                                                  Middlewares\FreeRTOS\queue.o
vTaskSwitchContext                                Middlewares\FreeRTOS\tasks.o
                                                  Middlewares\FreeRTOS\port.o
workTaskHandle                                    Application\User\main.o
xEventGroupClearBits                              Middlewares\FreeRTOS\event_groups.o
xEventGroupCreate                                 Middlewares\FreeRTOS\event_groups.o
xEventGroupGetBitsFromISR                         Middlewares\FreeRTOS\event_groups.o
xEventGroupSetBits                                Middlewares\FreeRTOS\event_groups.o
xEventGroupSync                                   Middlewares\FreeRTOS\event_groups.o
xEventGroupWaitBits                               Middlewares\FreeRTOS\event_groups.o
xPortGetFreeHeapSize                              Middlewares\FreeRTOS\heap_4.o
xPortGetMinimumEverFreeHeapSize                   Middlewares\FreeRTOS\heap_4.o
xPortStartScheduler                               Middlewares\FreeRTOS\port.o
                                                  Middlewares\FreeRTOS\tasks.o
xPortSysTickHandler                               Middlewares\FreeRTOS\port.o
                                                  Middlewares\FreeRTOS\cmsis_os.o
xQueueCreateCountingSemaphore                     Middlewares\FreeRTOS\queue.o
                                                  Middlewares\FreeRTOS\cmsis_os.o
xQueueCreateMutex                                 Middlewares\FreeRTOS\queue.o
                                                  Middlewares\FreeRTOS\cmsis_os.o
xQueueGenericCreate                               Middlewares\FreeRTOS\queue.o
                                                  Middlewares\FreeRTOS\cmsis_os.o
xQueueGenericReceive                              Middlewares\FreeRTOS\queue.o
                                                  Middlewares\FreeRTOS\cmsis_os.o
xQueueGenericReset                                Middlewares\FreeRTOS\queue.o
xQueueGenericSend                                 Middlewares\FreeRTOS\queue.o
                                                  Middlewares\FreeRTOS\cmsis_os.o
xQueueGenericSendFromISR                          Middlewares\FreeRTOS\queue.o
                                                  Middlewares\FreeRTOS\cmsis_os.o
xQueueGiveFromISR                                 Middlewares\FreeRTOS\queue.o
                                                  Middlewares\FreeRTOS\cmsis_os.o
xQueueGiveMutexRecursive                          Middlewares\FreeRTOS\queue.o
                                                  Middlewares\FreeRTOS\cmsis_os.o
xQueueIsQueueEmptyFromISR                         Middlewares\FreeRTOS\queue.o
xQueueIsQueueFullFromISR                          Middlewares\FreeRTOS\queue.o
xQueuePeekFromISR                                 Middlewares\FreeRTOS\queue.o
xQueueReceiveFromISR                              Middlewares\FreeRTOS\queue.o
                                                  Middlewares\FreeRTOS\cmsis_os.o
xQueueRegistry                                    Middlewares\FreeRTOS\queue.o
xQueueTakeMutexRecursive                          Middlewares\FreeRTOS\queue.o
                                                  Middlewares\FreeRTOS\cmsis_os.o
xTaskCheckForTimeOut                              Middlewares\FreeRTOS\tasks.o
                                                  Middlewares\FreeRTOS\queue.o
xTaskGenericCreate                                Middlewares\FreeRTOS\tasks.o
                                                  Middlewares\FreeRTOS\cmsis_os.o
xTaskGenericNotify                                Middlewares\FreeRTOS\tasks.o
                                                  Middlewares\FreeRTOS\cmsis_os.o
xTaskGetCurrentTaskHandle                         Middlewares\FreeRTOS\tasks.o
                                                  Middlewares\FreeRTOS\cmsis_os.o
                                                  Middlewares\FreeRTOS\queue.o
xTaskGetSchedulerState                            Middlewares\FreeRTOS\tasks.o
                                                  Middlewares\FreeRTOS\cmsis_os.o
                                                  Middlewares\FreeRTOS\event_groups.o
                                                  Middlewares\FreeRTOS\queue.o
xTaskGetTickCount                                 Middlewares\FreeRTOS\tasks.o
                                                  Middlewares\FreeRTOS\cmsis_os.o
xTaskGetTickCountFromISR                          Middlewares\FreeRTOS\tasks.o
                                                  Middlewares\FreeRTOS\cmsis_os.o
xTaskIncrementTick                                Middlewares\FreeRTOS\tasks.o
                                                  Middlewares\FreeRTOS\port.o
xTaskNotifyFromISR                                Middlewares\FreeRTOS\tasks.o
                                                  Middlewares\FreeRTOS\cmsis_os.o
xTaskNotifyWait                                   Middlewares\FreeRTOS\tasks.o
                                                  Middlewares\FreeRTOS\cmsis_os.o
xTaskPriorityDisinherit                           Middlewares\FreeRTOS\tasks.o
                                                  Middlewares\FreeRTOS\queue.o
xTaskRemoveFromEventList                          Middlewares\FreeRTOS\tasks.o
                                                  Middlewares\FreeRTOS\queue.o
xTaskRemoveFromUnorderedEventList                 Middlewares\FreeRTOS\tasks.o
                                                  Middlewares\FreeRTOS\event_groups.o
xTaskResumeAll                                    Middlewares\FreeRTOS\tasks.o
                                                  Middlewares\FreeRTOS\cmsis_os.o
                                                  Middlewares\FreeRTOS\event_groups.o
                                                  Middlewares\FreeRTOS\heap_4.o
                                                  Middlewares\FreeRTOS\queue.o
xTaskResumeFromISR                                Middlewares\FreeRTOS\tasks.o
                                                  Middlewares\FreeRTOS\cmsis_os.o
